// Jest Snapshot v1, https://goo.gl/fbAQLP

exports[`Subscription Seats renders table content renders the correct data 1`] = `
Array [
  Object {
    "dropdownExists": true,
    "email": "administrator@email.com",
    "tooltip": undefined,
    "user": Object {
      "avatarLabeled": Object {
        "size": "32",
        "src": "path/to/img_administrator",
        "text": "Administrator  @root",
      },
      "avatarLink": Object {
        "alt": "Administrator",
        "href": "path/to/administrator",
      },
    },
  },
  Object {
    "dropdownExists": true,
    "email": "agustin_walker@email.com",
    "tooltip": undefined,
    "user": Object {
      "avatarLabeled": Object {
        "size": "32",
        "src": "path/to/img_agustin_walker",
        "text": "Agustin Walker  @lester.orn",
      },
      "avatarLink": Object {
        "alt": "Agustin Walker",
        "href": "path/to/agustin_walker",
      },
    },
  },
  Object {
    "dropdownExists": true,
    "email": "Private",
    "tooltip": "An email address is only visible for users with public emails.",
    "user": Object {
      "avatarLabeled": Object {
        "size": "32",
        "src": "path/to/img_joella_miller",
        "text": "Joella Miller  
                Group invite
               @era",
      },
      "avatarLink": Object {
        "alt": "Joella Miller",
        "href": "path/to/joella_miller",
      },
    },
  },
]
`;
