// Jest Snapshot v1, https://goo.gl/fbAQLP

exports[`GeoNodeReplicationStatusComponent computed properties renders Icon correctly 1`] = `"<gl-icon-stub name=\\"play\\" size=\\"16\\"></gl-icon-stub>"`;

exports[`GeoNodeReplicationStatusComponent computed properties renders Icon correctly 2`] = `"<gl-icon-stub name=\\"pause\\" size=\\"16\\"></gl-icon-stub>"`;

exports[`GeoNodeReplicationStatusComponent computed properties renders StatusPill correctly 1`] = `
"<div class=\\"rounded-pill gl-display-inline-flex gl-align-items-center px-2 gl-py-2 gl-my-2 gl-text-green-600 gl-bg-green-100\\">
  <gl-icon-stub name=\\"play\\" size=\\"16\\"></gl-icon-stub> <strong class=\\"status-text gl-ml-2\\"> Replication enabled </strong>
</div>"
`;

exports[`GeoNodeReplicationStatusComponent computed properties renders StatusPill correctly 2`] = `
"<div class=\\"rounded-pill gl-display-inline-flex gl-align-items-center px-2 gl-py-2 gl-my-2 gl-text-orange-600 gl-bg-orange-100\\">
  <gl-icon-stub name=\\"pause\\" size=\\"16\\"></gl-icon-stub> <strong class=\\"status-text gl-ml-2\\"> Replication paused </strong>
</div>"
`;
