// Jest Snapshot v1, https://goo.gl/fbAQLP

exports[`DurationChart renders the duration chart 1`] = `
"<div>
  <div class=\\"d-flex\\">
    <h4 class=\\"mt-0\\">Days to completion</h4>
    <stagedropdownfilter-stub stages=\\"[object Object],[object Object],[object Object]\\" label=\\"stage dropdown\\" class=\\"ml-auto\\"></stagedropdownfilter-stub>
  </div>
  <scatterplot-stub xaxistitle=\\"Date\\" yaxistitle=\\"Total days to completion\\" scatterdata=\\"2019-01-01,29,2019-01-01,2019-01-02,100,2019-01-02\\" medianlinedata=\\"2018-12-31,29,2019-01-01,100\\" tooltipdateformat=\\"mmm d, yyyy\\"></scatterplot-stub>
</div>"
`;
