// Jest Snapshot v1, https://goo.gl/fbAQLP

exports[`PathNavigation matches snapshot 1`] = `
<div
  class="gl-path-nav"
  data-testid="gl-path-nav"
>
  <span
    class="gl-path-fade gl-path-fade-left"
    style="display: none;"
  >
    <button
      class="gl-clear-icon-button"
    >
      <svg
        class="gl-icon s32"
      >
        <use
          href="#chevron-left"
        />
      </svg>
    </button>
  </span>
   
  <ul
    class="gl-path-nav-list"
  >
    <li
      class="gl-path-nav-list-item"
    >
      <button
        class="gl-path-button gl-path-active-item-indigo"
      >
        <!---->
        
        Issue
        <!---->
      </button>
    </li>
    <li
      class="gl-path-nav-list-item"
    >
      <button
        class="gl-path-button"
      >
        <!---->
        
        Plan
        <!---->
      </button>
    </li>
    <li
      class="gl-path-nav-list-item"
    >
      <button
        class="gl-path-button"
      >
        <!---->
        
        Code
        <!---->
      </button>
    </li>
  </ul>
   
  <span
    class="gl-path-fade gl-path-fade-right"
    style="display: none;"
  >
    <button
      class="gl-clear-icon-button"
    >
      <svg
        class="gl-icon s32"
      >
        <use
          href="#chevron-right"
        />
      </svg>
    </button>
  </span>
</div>
`;
