// Jest Snapshot v1, https://goo.gl/fbAQLP

exports[`NetworkPolicyList component given there is a default environment with no data to display shows the table empty state 1`] = `
<section
  class="row empty-state text-center"
>
  <div
    class="col-12"
  >
    <!---->
  </div>
   
  <div
    class="col-12"
  >
    <div
      class="text-content gl-mx-auto gl-my-0 gl-p-5"
    >
      <h1
        class="h4"
      >
        No policies detected
      </h1>
       
      <p>
        
          Policies are a specification of how groups of pods are allowed to communicate with each other's network endpoints.
        
      </p>
       
      <div>
        <a
          class="btn btn-success btn-md gl-button"
          href="documentation_path#container-network-policy"
        >
          <!---->
           
          <!---->
            
          <span
            class="gl-button-text"
          >
            Learn More
          </span>
        </a>
         
        <!---->
      </div>
    </div>
  </div>
</section>
`;

exports[`NetworkPolicyList component renders policies table 1`] = `
<table
  aria-busy="false"
  aria-colcount="3"
  aria-describedby="__BVID__41__caption_"
  aria-multiselectable="false"
  class="table b-table gl-table table-hover b-table-stacked-md b-table-selectable b-table-select-single"
  id="__BVID__41"
  role="table"
>
  <!---->
  <!---->
  <thead
    class="thead-white gl-text-gray-900 border-bottom"
    role="rowgroup"
  >
    <!---->
    <tr
      class=""
      role="row"
    >
      <th
        aria-colindex="1"
        class="w-75 font-weight-bold"
        role="columnheader"
        scope="col"
      >
        Name
      </th>
      <th
        aria-colindex="2"
        class="font-weight-bold"
        role="columnheader"
        scope="col"
      >
        Status
      </th>
      <th
        aria-colindex="3"
        class="font-weight-bold"
        role="columnheader"
        scope="col"
      >
        Last modified
      </th>
    </tr>
  </thead>
  <tbody
    class="gl-text-gray-900"
    role="rowgroup"
  >
    <!---->
    <tr
      aria-selected="false"
      class=""
      role="row"
      tabindex="0"
    >
      <td
        aria-colindex="1"
        class=""
        data-label="Name"
        role="cell"
      >
        <div>
          policy
        </div>
      </td>
      <td
        aria-colindex="2"
        class=""
        data-label="Status"
        role="cell"
      >
        <div>
          
      Enabled
    
        </div>
      </td>
      <td
        aria-colindex="3"
        class=""
        data-label="Last modified"
        role="cell"
      >
        <div>
          
      just now
    
        </div>
      </td>
    </tr>
    <!---->
    <!---->
  </tbody>
  <!---->
</table>
`;
