// Jest Snapshot v1, https://goo.gl/fbAQLP

exports[`NoEnvironmentEmptyState component default state matches the snapshot 1`] = `
<gl-empty-state-stub
  svgpath="/svgs"
  title="No environments detected"
>
  <gl-sprintf-stub
    message="To view this data, ensure you have configured an environment for this project and that at least one threat monitoring feature is enabled. %{linkStart}More information%{linkEnd}"
  />
</gl-empty-state-stub>
`;
