// Jest Snapshot v1, https://goo.gl/fbAQLP

exports[`Security Dashboard default states sets up group-level 1`] = `
<div>
  <div>
    <div
      class="gl-spinner-container gl-mt-6"
    >
      <span
        aria-label="Loading"
        class="align-text-bottom gl-spinner gl-spinner-dark gl-spinner-lg"
      />
    </div>
  </div>
</div>
`;

exports[`Security Dashboard default states sets up instance-level 1`] = `
<div>
  <div>
    <div
      class="gl-spinner-container gl-mt-6"
    >
      <span
        aria-label="Loading"
        class="align-text-bottom gl-spinner gl-spinner-dark gl-spinner-lg"
      />
    </div>
  </div>
</div>
`;

exports[`Security Dashboard error states has unavailable pages 1`] = `
<div>
  <section
    class="row empty-state text-center"
  >
    <div
      class="col-12"
    >
      <div
        class="svg-250 svg-content"
      >
        <img
          alt=""
          class="gl-max-w-full"
          role="img"
          src="/test/empty_state.svg"
        />
      </div>
    </div>
    <div
      class="col-12"
    >
      <div
        class="text-content gl-mx-auto gl-my-0 gl-p-5"
      >
        <h1
          class="h4"
        >
          Oops, something doesn't seem right.
        </h1>
        <p>
          Either you don't have permission to view this dashboard or the dashboard has not been setup. Please check your permission settings with your administrator or check your dashboard configurations to proceed.
        </p>
        <div
          class="gl-display-flex gl-flex-wrap gl-justify-content-center"
        >
          <a
            class="btn gl-mb-3 btn-confirm btn-md gl-button gl-mx-2"
            href="/test/dashboard_page"
          >
            <span
              class="gl-button-text"
            >
              Learn more about setting up your dashboard
            </span>
          </a>
        </div>
      </div>
    </div>
  </section>
</div>
`;
