// Jest Snapshot v1, https://goo.gl/fbAQLP

exports[`MergeRequest component when there are approvers matches snapshot 1`] = `
<li
  class="issuable-status d-flex approvers align-items-center"
>
  <span
    class="gl-text-gray-700"
  >
    
      Approved by: 
    
  </span>
   
  <gl-link-stub
    class="gl-avatar-link d-flex align-items-center ml-2 author-link js-user-link "
    data-name="User 0"
    data-user-id="0"
    href="http://localhost:3000/user-0"
    title="User 0"
  >
    <gl-avatar-stub
      alt="avatar"
      class="mr-1"
      entityid="0"
      entityname="User 0"
      shape="circle"
      size="16"
      src="https://0"
    />
     
    <span>
      User 0
    </span>
  </gl-link-stub>
   
  <!---->
</li>
`;
