// Jest Snapshot v1, https://goo.gl/fbAQLP

exports[`MergeRequest component when there is a merge request matches the snapshot 1`] = `
<li
  class="merge-request"
>
  <div
    class="issuable-info-container"
  >
    <div
      class="issuable-main-info"
    >
      <div
        class="title"
      >
        <a
          href="/h5bp/html5-boilerplate/-/merge_requests/1"
        >
          
          Merge request 1
        
        </a>
      </div>
       
      <span
        class="gl-text-gray-700"
      >
        
        !1
      
      </span>
    </div>
     
    <div
      class="issuable-meta"
    >
      <ul
        class="controls"
      >
        <!---->
         
        <approvers-stub
          approvers=""
        />
      </ul>
       
      <span
        class="gl-text-gray-700"
      >
        <time>
          merged 2 days ago
        </time>
      </span>
    </div>
  </div>
</li>
`;
