// Jest Snapshot v1, https://goo.gl/fbAQLP

exports[`DependencyListJobFailedAlert component matches the snapshot 1`] = `
<glalert-stub
  dismissible="true"
  dismisslabel="Dismiss"
  primarybuttonlink=""
  primarybuttontext=""
  secondarybuttonlink="/jobs/foo/3210"
  secondarybuttontext="View job"
  title="Job failed to generate the dependency list"
  variant="danger"
>
  <span>
    The 
    <code>
      dependency_scanning
    </code>
     job has failed and cannot generate the list. Please ensure the job is running properly and run the pipeline again.
  </span>
</glalert-stub>
`;
