// Jest Snapshot v1, https://goo.gl/fbAQLP

exports[`DependencVulnerabilities component given a huge number vulnerabilities renders the excess message 1`] = `
<li
  class="text-muted text-center mt-3"
>
  
    1 additional vulnerability not shown
  
</li>
`;

exports[`DependencVulnerabilities component given no vulnerabilities renders an empty list 1`] = `
<ul
  class="list-unstyled mb-0"
>
   
  <!---->
</ul>
`;
