// Jest Snapshot v1, https://goo.gl/fbAQLP

exports[`Test coverage table component when group code coverage is available renders area chart with correct data 1`] = `
Array [
  Object {
    "data": Array [
      Array [
        "2020-01-10",
        77.9,
      ],
      Array [
        "2020-01-11",
        78.7,
      ],
      Array [
        "2020-01-12",
        79.6,
      ],
    ],
    "name": "test",
  },
]
`;
