// Jest Snapshot v1, https://goo.gl/fbAQLP

exports[`dashboard should match the snapshot 1`] = `
<div
  class="environments-dashboard"
>
  <gl-modal-stub
    dismisslabel="Close"
    modalclass=""
    modalid="add-projects-modal"
    ok-disabled="true"
    ok-title="Add projects"
    ok-variant="success"
    size="md"
    title="Add projects"
    titletag="h4"
  >
    <project-selector-stub
      maxlistheight="402"
      projectsearchresults=""
      selectedprojects=""
      totalresults="0"
    />
  </gl-modal-stub>
   
  <div
    class="page-title-holder flex-fill d-flex align-items-center"
  >
    <h1
      class="js-dashboard-title page-title text-nowrap flex-fill"
    >
      
      Environments Dashboard
    
    </h1>
     
    <gl-button-stub
      buttontextclasses=""
      category="primary"
      class="js-add-projects-button"
      icon=""
      role="button"
      size="medium"
      tabindex="0"
      variant="success"
    >
      
      Add projects
    
    </gl-button-stub>
  </div>
   
  <p
    class="mt-2 mb-4 js-page-limits-message"
  >
    This dashboard displays 3 environments per project, and is linked to the Operations Dashboard. When you add or remove a project from one dashboard, GitLab adds or removes the project from the other. 
    <gl-link-stub
      href="/help/user/operations_dashboard/index.html"
      rel="noopener noreferrer"
      target="_blank"
    >
      
          More information
        
    </gl-link-stub>
  </p>
   
  <div
    class="gl-mt-3"
  >
    <gl-empty-state-stub
      svgpath="/assets/illustrations/operations-dashboard_empty.svg"
      title="Add a project to the dashboard"
    />
  </div>
</div>
`;
