// Jest Snapshot v1, https://goo.gl/fbAQLP

exports[`HeaderCell renders an inflexible cell with a title with an icon through props 1`] = `
<cell-stub
  class="license-header-cell"
>
  <template>
    <icon-stub
      class="icon"
      name="retry"
      size="16"
    />
     
    <span
      class="ml-2 font-weight-bold"
    >
      title
    </span>
  </template>
</cell-stub>
`;
