// Jest Snapshot v1, https://goo.gl/fbAQLP

exports[`Project remove modal initialized matches the snapshot 1`] = `
<form
  action="some/path"
  method="post"
>
  <input
    name="_method"
    type="hidden"
    value="delete"
  />
   
  <input
    name="authenticity_token"
    type="hidden"
  />
   
  <gl-button-stub
    buttontextclasses=""
    category="primary"
    icon=""
    role="button"
    size="medium"
    tabindex="0"
    variant="danger"
  >
    Delete project
  </gl-button-stub>
   
  <gl-modal-stub
    actioncancel="[object Object]"
    actionprimary="[object Object]"
    dismisslabel="Close"
    footer-class="gl-bg-gray-10 gl-p-5"
    modalclass=""
    modalid="fakeUniqueId"
    ok-variant="danger"
    size="sm"
    title-class="gl-text-red-500"
    titletag="h4"
  >
     
    <div>
      <p>
        Once a project is permanently deleted, it cannot be recovered. You will lose this project's repository and all related resources, including issues and merge requests.
      </p>
       
      <p
        class="gl-mb-1"
      >
        Please type the following to confirm:
      </p>
       
      <p>
        <code
          class="gl-white-space-pre-wrap"
        >
          foo
        </code>
      </p>
       
      <gl-form-input-stub
        id="confirm_name_input"
        name="confirm_name_input"
        type="text"
      />
       
      <p
        class="gl-display-flex gl-display-flex gl-align-items-center gl-mt-3 gl-mb-0 gl-text-gray-500"
      >
        <gl-sprintf-stub
          message="You can recover this project until %{date}"
        />
         
        <gl-link-stub
          aria-label="Recovering projects"
          class="gl-display-flex gl-ml-2 gl-text-gray-500"
          href="recovery/help/path"
        >
          <gl-icon-stub
            name="question"
            size="16"
          />
        </gl-link-stub>
      </p>
    </div>
  </gl-modal-stub>
</form>
`;
