// Jest Snapshot v1, https://goo.gl/fbAQLP

exports[`Grouped test reports app when mounted matches the default state component snapshot 1`] = `
"<section class=\\"media-section mr-widget-section mr-report\\" data-test-id=\\"mr-status-checks\\">
  <div class=\\"media\\">
    <status-icon-stub status=\\"loading\\" size=\\"24\\" class=\\"align-self-center\\"></status-icon-stub>
    <div class=\\"media-body d-flex flex-align-self-center align-items-center\\">
      <div data-testid=\\"report-section-code-text\\" class=\\"js-code-text code-text\\">
        <div class=\\"gl-display-flex gl-align-items-center\\">
          <p class=\\"gl-line-height-normal gl-m-0\\">Status checks</p>
          <!---->
        </div> <span class=\\"gl-text-gray-500 gl-font-sm\\">When this merge request is updated, a call is sent to the following APIs to confirm their status. <gl-link-stub href=\\"/help/user/project/merge_requests/status_checks.md#status-checks-widget\\" class=\\"gl-font-sm\\">Learn more</gl-link-stub>.</span>
      </div>
      <!---->
    </div>
  </div>
  <!---->
</section>"
`;
