// Jest Snapshot v1, https://goo.gl/fbAQLP

exports[`SkeletonLicenseCard renders a skeleton license card 1`] = `
<div
  class="card license-card skeleton-license-card"
>
  <div
    class="card-header d-flex justify-content-between align-items-center py-3"
  >
    <gl-skeleton-loading-stub
      class="w-75 skeleton-bar"
      lines="1"
    />
  </div>
   
  <div
    class="card-body p-0"
  >
    <div
      class="license-table"
    >
      <div
        class="license-row d-flex"
      >
        <skeleton-header-cell-stub />
         
        <skeleton-cell-stub />
         
        <skeleton-cell-stub />
         
        <skeleton-cell-stub />
         
        <skeleton-cell-stub />
      </div>
       
      <div
        class="license-row d-flex"
      >
        <skeleton-header-cell-stub />
         
        <skeleton-cell-stub />
         
        <skeleton-cell-stub />
         
        <skeleton-cell-stub />
      </div>
       
      <div
        class="license-row d-flex"
      >
        <skeleton-header-cell-stub />
         
        <skeleton-cell-stub />
         
        <skeleton-cell-stub />
         
        <skeleton-cell-stub />
      </div>
    </div>
  </div>
</div>
`;
