// Jest Snapshot v1, https://goo.gl/fbAQLP

exports[`Design management design version dropdown component renders design version dropdown button 1`] = `
<gldropdown-stub
  class="design-version-dropdown"
  issueiid=""
  projectpath=""
  text="Showing Latest Version"
  variant="link"
>
  <gldropdownitem-stub
    class="border-top bg-light"
  >
    <router-link-stub
      class="d-flex js-version-link px-0"
      to="[object Object]"
    >
      <div
        class="flex-shrink-0"
      >
        <glavatar-stub
          alt="avatar"
          entityid="0"
          entityname=""
          shape="circle"
          size="32"
          src="https://placehold.it/200"
        />
      </div>
       
      <div
        class="flex-grow-1 mx-2"
      >
        <div>
          <strong>
            Version 2
            
            <span>
              (latest)
            </span>
          </strong>
           
          <div
            class="text-muted mt-1"
          >
            <glsprintf-stub
              message="%{author} updated the designs"
            />
             
            <br />
             
            <timeagotooltip-stub
              cssclass=""
              time="2019-11-13T16:08:11Z"
              tooltipplacement="bottom"
            />
          </div>
        </div>
      </div>
       
      <i
        class="fa fa-check pull-right align-self-center"
      />
    </router-link-stub>
  </gldropdownitem-stub>
  <gldropdownitem-stub
    class="border-top"
  >
    <router-link-stub
      class="d-flex js-version-link px-0"
      to="[object Object]"
    >
      <div
        class="flex-shrink-0"
      >
        <glavatar-stub
          alt="avatar"
          entityid="0"
          entityname=""
          shape="circle"
          size="32"
          src="https://placehold.it/200"
        />
      </div>
       
      <div
        class="flex-grow-1 mx-2"
      >
        <div>
          <strong>
            Version 1
            
            <!---->
          </strong>
           
          <div
            class="text-muted mt-1"
          >
            <glsprintf-stub
              message="%{author} updated the designs"
            />
             
            <br />
             
            <timeagotooltip-stub
              cssclass=""
              time="2019-11-13T12:08:11Z"
              tooltipplacement="bottom"
            />
          </div>
        </div>
      </div>
       
      <!---->
    </router-link-stub>
  </gldropdownitem-stub>
</gldropdown-stub>
`;

exports[`Design management design version dropdown component renders design version list 1`] = `
<gldropdown-stub
  class="design-version-dropdown"
  issueiid=""
  projectpath=""
  text="Showing Latest Version"
  variant="link"
>
  <gldropdownitem-stub
    class="border-top bg-light"
  >
    <router-link-stub
      class="d-flex js-version-link px-0"
      to="[object Object]"
    >
      <div
        class="flex-shrink-0"
      >
        <glavatar-stub
          alt="avatar"
          entityid="0"
          entityname=""
          shape="circle"
          size="32"
          src="https://placehold.it/200"
        />
      </div>
       
      <div
        class="flex-grow-1 mx-2"
      >
        <div>
          <strong>
            Version 2
            
            <span>
              (latest)
            </span>
          </strong>
           
          <div
            class="text-muted mt-1"
          >
            <glsprintf-stub
              message="%{author} updated the designs"
            />
             
            <br />
             
            <timeagotooltip-stub
              cssclass=""
              time="2019-11-13T16:08:11Z"
              tooltipplacement="bottom"
            />
          </div>
        </div>
      </div>
       
      <i
        class="fa fa-check pull-right align-self-center"
      />
    </router-link-stub>
  </gldropdownitem-stub>
  <gldropdownitem-stub
    class="border-top"
  >
    <router-link-stub
      class="d-flex js-version-link px-0"
      to="[object Object]"
    >
      <div
        class="flex-shrink-0"
      >
        <glavatar-stub
          alt="avatar"
          entityid="0"
          entityname=""
          shape="circle"
          size="32"
          src="https://placehold.it/200"
        />
      </div>
       
      <div
        class="flex-grow-1 mx-2"
      >
        <div>
          <strong>
            Version 1
            
            <!---->
          </strong>
           
          <div
            class="text-muted mt-1"
          >
            <glsprintf-stub
              message="%{author} updated the designs"
            />
             
            <br />
             
            <timeagotooltip-stub
              cssclass=""
              time="2019-11-13T12:08:11Z"
              tooltipplacement="bottom"
            />
          </div>
        </div>
      </div>
       
      <!---->
    </router-link-stub>
  </gldropdownitem-stub>
</gldropdown-stub>
`;
