// Jest Snapshot v1, https://goo.gl/fbAQLP

exports[`Value stream analytics component isEmptyStage = true renders the empty stage with \`Not enough data\` message 1`] = `"<gl-empty-state-stub title=\\"We don't have enough data to show this stage.\\" svgpath=\\"path/to/no/data\\"></gl-empty-state-stub>"`;

exports[`Value stream analytics component isEmptyStage = true with a selectedStageError renders the empty stage with \`There is too much data to calculate\` message 1`] = `"<gl-empty-state-stub title=\\"There is too much data to calculate\\" svgpath=\\"path/to/no/data\\"></gl-empty-state-stub>"`;

exports[`Value stream analytics component isLoading = true renders the path navigation component with prop \`loading\` set to true 1`] = `"<path-navigation-stub loading=\\"true\\" stages=\\"\\" selectedstage=\\"[object Object]\\" class=\\"js-path-navigation gl-w-full gl-pb-2\\"></path-navigation-stub>"`;

exports[`Value stream analytics component without enough permissions renders the empty stage with \`You need permission\` message 1`] = `"<gl-empty-state-stub title=\\"We don't have enough data to show this stage.\\" svgpath=\\"path/to/no/data\\"></gl-empty-state-stub>"`;
