// Jest Snapshot v1, https://goo.gl/fbAQLP

exports[`Value stream analytics component isEmptyStage = true renders the empty stage with \`Not enough data\` message 1`] = `"<gl-empty-state-stub title=\\"We don't have enough data to show this stage.\\" svgpath=\\"path/to/no/data\\" description=\\"This stage is empty\\" class=\\"js-empty-state\\"></gl-empty-state-stub>"`;

exports[`Value stream analytics component isEmptyStage = true with a selectedStageError renders the empty stage with \`There is too much data to calculate\` message 1`] = `"<gl-empty-state-stub title=\\"There is too much data to calculate\\" svgpath=\\"path/to/no/data\\" description=\\"\\" class=\\"js-empty-state\\"></gl-empty-state-stub>"`;

exports[`Value stream analytics component without enough permissions renders the empty stage with \`You need permission\` message 1`] = `"<gl-empty-state-stub title=\\"You need permission.\\" svgpath=\\"path/to/no/access\\" description=\\"Want to see the data? Please ask an administrator for access.\\" class=\\"js-empty-state\\"></gl-empty-state-stub>"`;
