// Jest Snapshot v1, https://goo.gl/fbAQLP

exports[`deployment_frequency_charts.vue when there are no network errors converts the data from the API into data usable by the chart component 1`] = `
Array [
  Object {
    "data": Array [
      Object {
        "data": Array [
          Array [
            "Jun 27",
            0,
          ],
          Array [
            "Jun 28",
            0,
          ],
          Array [
            "Jun 29",
            0,
          ],
          Array [
            "Jun 30",
            3,
          ],
          Array [
            "Jul 1",
            1,
          ],
          Array [
            "Jul 2",
            0,
          ],
          Array [
            "Jul 3",
            1,
          ],
        ],
        "name": "Deployment frequency",
      },
    ],
    "endDate": 2015-07-04T00:00:00.000Z,
    "id": "LAST_WEEK",
    "range": "Jun 27 - Jul 3",
    "requestParams": Object {
      "end_date": "2015-07-04T00:00:00+0000",
      "interval": "daily",
      "per_page": 100,
      "start_date": "2015-06-27T00:00:00+0000",
    },
    "startDate": 2015-06-27T00:00:00.000Z,
    "title": "Last week",
  },
  Object {
    "data": Array [
      Object {
        "data": Array [
          Array [
            "Jun 4",
            0,
          ],
          Array [
            "Jun 5",
            0,
          ],
          Array [
            "Jun 6",
            0,
          ],
          Array [
            "Jun 7",
            0,
          ],
          Array [
            "Jun 8",
            0,
          ],
          Array [
            "Jun 9",
            0,
          ],
          Array [
            "Jun 10",
            0,
          ],
          Array [
            "Jun 11",
            0,
          ],
          Array [
            "Jun 12",
            0,
          ],
          Array [
            "Jun 13",
            0,
          ],
          Array [
            "Jun 14",
            0,
          ],
          Array [
            "Jun 15",
            0,
          ],
          Array [
            "Jun 16",
            0,
          ],
          Array [
            "Jun 17",
            0,
          ],
          Array [
            "Jun 18",
            0,
          ],
          Array [
            "Jun 19",
            0,
          ],
          Array [
            "Jun 20",
            0,
          ],
          Array [
            "Jun 21",
            0,
          ],
          Array [
            "Jun 22",
            0,
          ],
          Array [
            "Jun 23",
            0,
          ],
          Array [
            "Jun 24",
            0,
          ],
          Array [
            "Jun 25",
            1,
          ],
          Array [
            "Jun 26",
            0,
          ],
          Array [
            "Jun 27",
            0,
          ],
          Array [
            "Jun 28",
            0,
          ],
          Array [
            "Jun 29",
            0,
          ],
          Array [
            "Jun 30",
            3,
          ],
          Array [
            "Jul 1",
            1,
          ],
          Array [
            "Jul 2",
            0,
          ],
          Array [
            "Jul 3",
            1,
          ],
        ],
        "name": "Deployment frequency",
      },
    ],
    "endDate": 2015-07-04T00:00:00.000Z,
    "id": "LAST_MONTH",
    "range": "Jun 4 - Jul 3",
    "requestParams": Object {
      "end_date": "2015-07-04T00:00:00+0000",
      "interval": "daily",
      "per_page": 100,
      "start_date": "2015-06-04T00:00:00+0000",
    },
    "startDate": 2015-06-04T00:00:00.000Z,
    "title": "Last month",
  },
  Object {
    "data": Array [
      Object {
        "data": Array [
          Array [
            "Apr 5",
            0,
          ],
          Array [
            "Apr 6",
            0,
          ],
          Array [
            "Apr 7",
            0,
          ],
          Array [
            "Apr 8",
            0,
          ],
          Array [
            "Apr 9",
            0,
          ],
          Array [
            "Apr 10",
            0,
          ],
          Array [
            "Apr 11",
            0,
          ],
          Array [
            "Apr 12",
            0,
          ],
          Array [
            "Apr 13",
            0,
          ],
          Array [
            "Apr 14",
            0,
          ],
          Array [
            "Apr 15",
            0,
          ],
          Array [
            "Apr 16",
            0,
          ],
          Array [
            "Apr 17",
            0,
          ],
          Array [
            "Apr 18",
            0,
          ],
          Array [
            "Apr 19",
            0,
          ],
          Array [
            "Apr 20",
            0,
          ],
          Array [
            "Apr 21",
            0,
          ],
          Array [
            "Apr 22",
            0,
          ],
          Array [
            "Apr 23",
            0,
          ],
          Array [
            "Apr 24",
            0,
          ],
          Array [
            "Apr 25",
            0,
          ],
          Array [
            "Apr 26",
            0,
          ],
          Array [
            "Apr 27",
            0,
          ],
          Array [
            "Apr 28",
            0,
          ],
          Array [
            "Apr 29",
            0,
          ],
          Array [
            "Apr 30",
            0,
          ],
          Array [
            "May 1",
            0,
          ],
          Array [
            "May 2",
            0,
          ],
          Array [
            "May 3",
            0,
          ],
          Array [
            "May 4",
            0,
          ],
          Array [
            "May 5",
            0,
          ],
          Array [
            "May 6",
            0,
          ],
          Array [
            "May 7",
            0,
          ],
          Array [
            "May 8",
            0,
          ],
          Array [
            "May 9",
            0,
          ],
          Array [
            "May 10",
            0,
          ],
          Array [
            "May 11",
            0,
          ],
          Array [
            "May 12",
            0,
          ],
          Array [
            "May 13",
            0,
          ],
          Array [
            "May 14",
            0,
          ],
          Array [
            "May 15",
            0,
          ],
          Array [
            "May 16",
            0,
          ],
          Array [
            "May 17",
            0,
          ],
          Array [
            "May 18",
            0,
          ],
          Array [
            "May 19",
            0,
          ],
          Array [
            "May 20",
            0,
          ],
          Array [
            "May 21",
            0,
          ],
          Array [
            "May 22",
            0,
          ],
          Array [
            "May 23",
            0,
          ],
          Array [
            "May 24",
            0,
          ],
          Array [
            "May 25",
            0,
          ],
          Array [
            "May 26",
            0,
          ],
          Array [
            "May 27",
            0,
          ],
          Array [
            "May 28",
            0,
          ],
          Array [
            "May 29",
            0,
          ],
          Array [
            "May 30",
            0,
          ],
          Array [
            "May 31",
            0,
          ],
          Array [
            "Jun 1",
            1,
          ],
          Array [
            "Jun 2",
            0,
          ],
          Array [
            "Jun 3",
            0,
          ],
          Array [
            "Jun 4",
            0,
          ],
          Array [
            "Jun 5",
            0,
          ],
          Array [
            "Jun 6",
            0,
          ],
          Array [
            "Jun 7",
            0,
          ],
          Array [
            "Jun 8",
            0,
          ],
          Array [
            "Jun 9",
            0,
          ],
          Array [
            "Jun 10",
            0,
          ],
          Array [
            "Jun 11",
            0,
          ],
          Array [
            "Jun 12",
            0,
          ],
          Array [
            "Jun 13",
            0,
          ],
          Array [
            "Jun 14",
            0,
          ],
          Array [
            "Jun 15",
            0,
          ],
          Array [
            "Jun 16",
            0,
          ],
          Array [
            "Jun 17",
            0,
          ],
          Array [
            "Jun 18",
            0,
          ],
          Array [
            "Jun 19",
            0,
          ],
          Array [
            "Jun 20",
            0,
          ],
          Array [
            "Jun 21",
            0,
          ],
          Array [
            "Jun 22",
            0,
          ],
          Array [
            "Jun 23",
            0,
          ],
          Array [
            "Jun 24",
            0,
          ],
          Array [
            "Jun 25",
            1,
          ],
          Array [
            "Jun 26",
            0,
          ],
          Array [
            "Jun 27",
            0,
          ],
          Array [
            "Jun 28",
            0,
          ],
          Array [
            "Jun 29",
            0,
          ],
          Array [
            "Jun 30",
            3,
          ],
          Array [
            "Jul 1",
            1,
          ],
          Array [
            "Jul 2",
            0,
          ],
          Array [
            "Jul 3",
            1,
          ],
        ],
        "name": "Deployment frequency",
      },
    ],
    "endDate": 2015-07-04T00:00:00.000Z,
    "id": "LAST_90_DAYS",
    "range": "Apr 5 - Jul 3",
    "requestParams": Object {
      "end_date": "2015-07-04T00:00:00+0000",
      "interval": "daily",
      "per_page": 100,
      "start_date": "2015-04-05T00:00:00+0000",
    },
    "startDate": 2015-04-05T00:00:00.000Z,
    "title": "Last 90 days",
  },
]
`;
