// Jest Snapshot v1, https://goo.gl/fbAQLP

exports[`PolicyEditorApp component renders the policy editor layout 1`] = `
<section
  class="policy-editor"
>
  <header
    class="gl-pb-5"
  >
    <h3>
      Policy description
    </h3>
  </header>
   
  <div
    class="gl-display-flex"
  >
    <gl-form-group-stub
      label="Policy type"
      label-for="policyType"
    >
      <gl-form-select-stub
        disabled=""
        id="policyType"
        options="[object Object]"
        value="networkPolicy"
      />
    </gl-form-group-stub>
     
    <environment-picker-stub />
  </div>
   
  <div
    class="gl-mb-5 gl-border-2 gl-border-solid gl-border-gray-50"
  >
    <gl-form-group-stub
      class="gl-p-5 gl-mb-0 gl-bg-gray-50"
    >
      <gl-segmented-control-stub
        checked="rule"
        data-testid="editor-mode"
        options="[object Object],[object Object]"
      />
    </gl-form-group-stub>
     
    <div
      class="gl-display-flex gl-sm-flex-direction-column"
    >
      <section
        class="gl-w-full gl-p-5 gl-flex-fill-3 policy-table-left"
      >
        <div
          data-testid="rule-editor"
        >
          <!---->
           
          <gl-form-group-stub
            label="Name"
            label-for="policyName"
          >
            <gl-form-input-stub
              id="policyName"
              value=""
            />
          </gl-form-group-stub>
           
          <gl-form-group-stub
            label="Description"
            label-for="policyDescription"
          >
            <gl-form-textarea-stub
              id="policyDescription"
              noresize="true"
              value=""
            />
          </gl-form-group-stub>
           
          <gl-form-group-stub
            data-testid="policy-enable"
          >
            <gl-toggle-stub
              label="Policy status"
              labelposition="top"
            />
          </gl-form-group-stub>
           
          <dim-disable-container-stub
            data-testid="rule-builder-container"
          >
              
            <policy-rule-builder-stub
              class="gl-mb-4"
              endpointlabels=""
              endpointmatchmode="any"
              rule="[object Object]"
            />
             
            <div
              class="gl-p-3 gl-rounded-base gl-border-1 gl-border-solid gl-border-gray-50 gl-mb-5"
            >
              <gl-button-stub
                buttontextclasses=""
                category="primary"
                data-testid="add-rule"
                icon=""
                size="medium"
                variant="link"
              >
                New rule
              </gl-button-stub>
            </div>
          </dim-disable-container-stub>
           
          <dim-disable-container-stub
            data-testid="policy-action-container"
          >
              
            <policy-action-picker-stub />
             
            <policy-alert-picker-stub />
          </dim-disable-container-stub>
        </div>
         
        <!---->
      </section>
       
      <section
        class="gl-w-30p gl-p-5 gl-border-l-gray-50 gl-border-l-1 gl-border-l-solid gl-flex-fill-2"
      >
        <dim-disable-container-stub
          data-testid="policy-preview-container"
        >
            
          <policy-preview-stub
            initialtab="0"
            policydescription="Allow all inbound traffic to <strong>all</strong> pods from <strong>all</strong> pods on <strong>any</strong> port"
            policyyaml="apiVersion: cilium.io/v2
kind: CiliumNetworkPolicy
metadata:
  name: ''
  labels:
    app.gitlab.com/proj: '21'
spec:
  endpointSelector:
    matchLabels:
      network-policy.gitlab.com/disabled_by: gitlab
  ingress:
  - fromEndpoints:
    - matchLabels: {}
"
          />
        </dim-disable-container-stub>
      </section>
    </div>
  </div>
   
  <div>
    <gl-button-stub
      buttontextclasses=""
      category="primary"
      data-testid="save-policy"
      icon=""
      size="medium"
      type="submit"
      variant="success"
    >
      Create policy
    </gl-button-stub>
     
    <!---->
     
    <gl-button-stub
      buttontextclasses=""
      category="secondary"
      href="/threat-monitoring"
      icon=""
      size="medium"
      variant="default"
    >
      Cancel
    </gl-button-stub>
  </div>
   
  <gl-modal-stub
    actioncancel="[object Object]"
    actionsecondary="[object Object]"
    dismisslabel="Close"
    modalclass=""
    modalid="delete-modal"
    size="md"
    title="Delete policy: "
    titletag="h4"
  >
    
    Are you sure you want to delete this policy? This action cannot be undone.
  
  </gl-modal-stub>
</section>
`;
