// Jest Snapshot v1, https://goo.gl/fbAQLP

exports[`Container Scanning Issue Body matches snapshot 1`] = `
<div
  class="report-block-list-issue-description prepend-top-5 append-bottom-5"
>
  <div
    class="report-block-list-issue-description-text"
  >
    
      Low:
     
    <modal-open-name-stub
      issue="[object Object]"
      status="Failed"
    />
  </div>
</div>
`;
