// Jest Snapshot v1, https://goo.gl/fbAQLP

exports[`Secret Scanning Issue Body matches snapshot 1`] = `
<div
  class="report-block-list-issue-description prepend-top-5 append-bottom-5"
>
  <div
    class="report-block-list-issue-description-text"
  >
    <severity-badge-stub
      class="d-inline-block"
      severity="Critical"
    />
     
    <modal-open-name-stub
      issue="[object Object]"
      status="Failed"
    />
  </div>
</div>
`;
