// Jest Snapshot v1, https://goo.gl/fbAQLP

exports[`MergeRequest component when there is a merge request matches the snapshot 1`] = `
<div
  class="gl-grid-col-start-1 gl-border-b-solid gl-border-b-1 gl-border-b-gray-100 gl-p-5"
  data-testid="merge-request"
>
  <div>
    <a
      class="gl-text-gray-900 gl-font-weight-bold"
      href="/h5bp/html5-boilerplate/-/merge_requests/1"
    >
      
      Merge request 1
    
    </a>
  </div>
   
  <span
    class="gl-text-gray-500"
  >
    project!1
  </span>
   
  <span
    class="issuable-authored gl-text-gray-500 gl-display-inline-flex gl-align-items-center"
  >
    
    - created by:
    
    <gl-avatar-link-stub
      class="gl-display-inline-flex gl-align-items-center gl-ml-3 gl-text-gray-900 author-link js-user-link"
      data-name="User 1"
      data-user-id="1"
      href="http://localhost:3000/user-1"
      title="User 1"
    >
      <gl-avatar-stub
        alt="avatar"
        class="gl-mr-2"
        entityid="1"
        entityname="User 1"
        shape="circle"
        size="16"
        src="https://1"
      />
       
      <span>
        User 1
      </span>
    </gl-avatar-link-stub>
  </span>
   
  <div>
    <compliance-framework-label-stub
      color="#009966"
      description="General Data Protection Regulation"
      name="GDPR"
    />
  </div>
</div>
`;
