// Jest Snapshot v1, https://goo.gl/fbAQLP

exports[`MergeCommitsExportButton component Merge commit CSV export button matches the snapshot 1`] = `
<div>
  <gl-button-stub
    buttontextclasses=""
    category="primary"
    class="gl-align-self-center"
    href="/merge_commit_reports"
    icon="export"
    size="medium"
    variant="default"
  >
    
    List of all merge commits
  
  </gl-button-stub>
   
  <gl-tooltip-stub
    boundary="viewport"
    placement="top"
    target="[object Object]"
  >
    <p
      class="gl-my-0"
    >
      Export as CSV
    </p>
     
    <p
      class="gl-my-0"
    >
      (max size 15 MB)
    </p>
  </gl-tooltip-stub>
</div>
`;
